loading app controller.routing_controller
loading app ryu.controller.ofp_handler
loading app ryu.topology.switches
loading app ryu.controller.ofp_handler
instantiating app controller.routing_controller of RoutingController
Configuracion del experimento: /workspace/results/exp001/run-043/resolved_config.yaml
Algoritmo de ruteo: dijkstra
Metrica de ruteo: routing_cost
Trafico configurado: h1 -> h2
instantiating app ryu.controller.ofp_handler of OFPHandler
instantiating app ryu.topology.switches of Switches
Grafo actual: []
HOST: ca:dd:21:51:bc:85 conectado a s1 puerto 3
HOST: da:dd:f3:fe:26:45 conectado a s1 puerto 2
Grafo actual: []
Grafo actual: [(2, 1, {'weight': 5, 'port': 1, 'link_id': 's1-s2', 'metrics': {'delay_ms': 5, 'routing_cost': 5}})]
Grafo actual: [(1, 2, {'weight': 5, 'port': 2, 'link_id': 's1-s2', 'metrics': {'delay_ms': 5, 'routing_cost': 5}}), (2, 1, {'weight': 5, 'port': 1, 'link_id': 's1-s2', 'metrics': {'delay_ms': 5, 'routing_cost': 5}})]
Grafo actual: [(1, 2, {'weight': 5, 'port': 2, 'link_id': 's1-s2', 'metrics': {'delay_ms': 5, 'routing_cost': 5}}), (2, 1, {'weight': 5, 'port': 1, 'link_id': 's1-s2', 'metrics': {'delay_ms': 5, 'routing_cost': 5}})]
Grafo actual: [(1, 2, {'weight': 5, 'port': 2, 'link_id': 's1-s2', 'metrics': {'delay_ms': 5, 'routing_cost': 5}}), (2, 1, {'weight': 5, 'port': 1, 'link_id': 's1-s2', 'metrics': {'delay_ms': 5, 'routing_cost': 5}}), (3, 1, {'weight': 20, 'port': 1, 'link_id': 's1-s3', 'metrics': {'delay_ms': 20, 'routing_cost': 20}})]
Grafo actual: [(1, 2, {'weight': 5, 'port': 2, 'link_id': 's1-s2', 'metrics': {'delay_ms': 5, 'routing_cost': 5}}), (1, 3, {'weight': 20, 'port': 3, 'link_id': 's1-s3', 'metrics': {'delay_ms': 20, 'routing_cost': 20}}), (2, 1, {'weight': 5, 'port': 1, 'link_id': 's1-s2', 'metrics': {'delay_ms': 5, 'routing_cost': 5}}), (3, 1, {'weight': 20, 'port': 1, 'link_id': 's1-s3', 'metrics': {'delay_ms': 20, 'routing_cost': 20}})]
Grafo actual: [(1, 2, {'weight': 5, 'port': 2, 'link_id': 's1-s2', 'metrics': {'delay_ms': 5, 'routing_cost': 5}}), (1, 3, {'weight': 20, 'port': 3, 'link_id': 's1-s3', 'metrics': {'delay_ms': 20, 'routing_cost': 20}}), (2, 1, {'weight': 5, 'port': 1, 'link_id': 's1-s2', 'metrics': {'delay_ms': 5, 'routing_cost': 5}}), (3, 1, {'weight': 20, 'port': 1, 'link_id': 's1-s3', 'metrics': {'delay_ms': 20, 'routing_cost': 20}})]
HOST: c2:80:38:5d:c0:03 conectado a s3 puerto 2
Grafo actual: [(1, 2, {'weight': 5, 'port': 2, 'link_id': 's1-s2', 'metrics': {'delay_ms': 5, 'routing_cost': 5}}), (1, 3, {'weight': 20, 'port': 3, 'link_id': 's1-s3', 'metrics': {'delay_ms': 20, 'routing_cost': 20}}), (2, 1, {'weight': 5, 'port': 1, 'link_id': 's1-s2', 'metrics': {'delay_ms': 5, 'routing_cost': 5}}), (3, 1, {'weight': 20, 'port': 1, 'link_id': 's1-s3', 'metrics': {'delay_ms': 20, 'routing_cost': 20}}), (4, 3, {'weight': 20, 'port': 2, 'link_id': 's3-s4', 'metrics': {'delay_ms': 20, 'routing_cost': 20}}), (4, 2, {'weight': 5, 'port': 1, 'link_id': 's2-s4', 'metrics': {'delay_ms': 5, 'routing_cost': 5}})]
Grafo actual: [(1, 2, {'weight': 5, 'port': 2, 'link_id': 's1-s2', 'metrics': {'delay_ms': 5, 'routing_cost': 5}}), (1, 3, {'weight': 20, 'port': 3, 'link_id': 's1-s3', 'metrics': {'delay_ms': 20, 'routing_cost': 20}}), (2, 1, {'weight': 5, 'port': 1, 'link_id': 's1-s2', 'metrics': {'delay_ms': 5, 'routing_cost': 5}}), (3, 1, {'weight': 20, 'port': 1, 'link_id': 's1-s3', 'metrics': {'delay_ms': 20, 'routing_cost': 20}}), (4, 3, {'weight': 20, 'port': 2, 'link_id': 's3-s4', 'metrics': {'delay_ms': 20, 'routing_cost': 20}}), (4, 2, {'weight': 5, 'port': 1, 'link_id': 's2-s4', 'metrics': {'delay_ms': 5, 'routing_cost': 5}})]
HOST: 00:00:00:00:00:02 conectado a s4 puerto 3
Grafo actual: [(1, 2, {'weight': 5, 'port': 2, 'link_id': 's1-s2', 'metrics': {'delay_ms': 5, 'routing_cost': 5}}), (1, 3, {'weight': 20, 'port': 3, 'link_id': 's1-s3', 'metrics': {'delay_ms': 20, 'routing_cost': 20}}), (2, 1, {'weight': 5, 'port': 1, 'link_id': 's1-s2', 'metrics': {'delay_ms': 5, 'routing_cost': 5}}), (2, 4, {'weight': 5, 'port': 2, 'link_id': 's2-s4', 'metrics': {'delay_ms': 5, 'routing_cost': 5}}), (3, 1, {'weight': 20, 'port': 1, 'link_id': 's1-s3', 'metrics': {'delay_ms': 20, 'routing_cost': 20}}), (4, 3, {'weight': 20, 'port': 2, 'link_id': 's3-s4', 'metrics': {'delay_ms': 20, 'routing_cost': 20}}), (4, 2, {'weight': 5, 'port': 1, 'link_id': 's2-s4', 'metrics': {'delay_ms': 5, 'routing_cost': 5}})]
Grafo actual: [(1, 2, {'weight': 5, 'port': 2, 'link_id': 's1-s2', 'metrics': {'delay_ms': 5, 'routing_cost': 5}}), (1, 3, {'weight': 20, 'port': 3, 'link_id': 's1-s3', 'metrics': {'delay_ms': 20, 'routing_cost': 20}}), (2, 1, {'weight': 5, 'port': 1, 'link_id': 's1-s2', 'metrics': {'delay_ms': 5, 'routing_cost': 5}}), (2, 4, {'weight': 5, 'port': 2, 'link_id': 's2-s4', 'metrics': {'delay_ms': 5, 'routing_cost': 5}}), (3, 1, {'weight': 20, 'port': 1, 'link_id': 's1-s3', 'metrics': {'delay_ms': 20, 'routing_cost': 20}}), (3, 4, {'weight': 20, 'port': 2, 'link_id': 's3-s4', 'metrics': {'delay_ms': 20, 'routing_cost': 20}}), (4, 3, {'weight': 20, 'port': 2, 'link_id': 's3-s4', 'metrics': {'delay_ms': 20, 'routing_cost': 20}}), (4, 2, {'weight': 5, 'port': 1, 'link_id': 's2-s4', 'metrics': {'delay_ms': 5, 'routing_cost': 5}})]
HOST: 00:00:00:00:00:01 conectado a s1 puerto 1
DIJKSTRA: s4 -> s1 | path=[4, 2, 1] | cost=10
DIJKSTRA: s1 -> s4 | path=[1, 2, 4] | cost=10
