loading app controller.routing_controller
loading app ryu.topology.switches
loading app ryu.controller.ofp_handler
instantiating app controller.routing_controller of RoutingController
Configuracion del experimento: /workspace/results/exp001/run-045/resolved_config.yaml
Algoritmo de ruteo: dijkstra
Metrica de ruteo: routing_cost
Politica de decision: sticky
instantiating app ryu.topology.switches of Switches
instantiating app ryu.controller.ofp_handler of OFPHandler
Grafo actual: []
Grafo actual: []
Grafo actual: [(2, 1, {'weight': 5, 'port': 1, 'link_id': 's1-s2', 'metrics': {'delay_ms': 5, 'routing_cost': 5}})]
Grafo actual: [(1, 2, {'weight': 5, 'port': 2, 'link_id': 's1-s2', 'metrics': {'delay_ms': 5, 'routing_cost': 5}}), (2, 1, {'weight': 5, 'port': 1, 'link_id': 's1-s2', 'metrics': {'delay_ms': 5, 'routing_cost': 5}})]
Grafo actual: [(1, 2, {'weight': 5, 'port': 2, 'link_id': 's1-s2', 'metrics': {'delay_ms': 5, 'routing_cost': 5}}), (2, 1, {'weight': 5, 'port': 1, 'link_id': 's1-s2', 'metrics': {'delay_ms': 5, 'routing_cost': 5}})]
Grafo actual: [(1, 2, {'weight': 5, 'port': 2, 'link_id': 's1-s2', 'metrics': {'delay_ms': 5, 'routing_cost': 5}}), (2, 1, {'weight': 5, 'port': 1, 'link_id': 's1-s2', 'metrics': {'delay_ms': 5, 'routing_cost': 5}}), (3, 1, {'weight': 20, 'port': 1, 'link_id': 's1-s3', 'metrics': {'delay_ms': 20, 'routing_cost': 20}})]
Grafo actual: [(1, 2, {'weight': 5, 'port': 2, 'link_id': 's1-s2', 'metrics': {'delay_ms': 5, 'routing_cost': 5}}), (2, 1, {'weight': 5, 'port': 1, 'link_id': 's1-s2', 'metrics': {'delay_ms': 5, 'routing_cost': 5}}), (3, 1, {'weight': 20, 'port': 1, 'link_id': 's1-s3', 'metrics': {'delay_ms': 20, 'routing_cost': 20}})]
Grafo actual: [(1, 2, {'weight': 5, 'port': 2, 'link_id': 's1-s2', 'metrics': {'delay_ms': 5, 'routing_cost': 5}}), (2, 1, {'weight': 5, 'port': 1, 'link_id': 's1-s2', 'metrics': {'delay_ms': 5, 'routing_cost': 5}}), (3, 1, {'weight': 20, 'port': 1, 'link_id': 's1-s3', 'metrics': {'delay_ms': 20, 'routing_cost': 20}}), (4, 2, {'weight': 5, 'port': 1, 'link_id': 's2-s4', 'metrics': {'delay_ms': 5, 'routing_cost': 5}}), (4, 3, {'weight': 20, 'port': 2, 'link_id': 's3-s4', 'metrics': {'delay_ms': 20, 'routing_cost': 20}})]
Grafo actual: [(1, 2, {'weight': 5, 'port': 2, 'link_id': 's1-s2', 'metrics': {'delay_ms': 5, 'routing_cost': 5}}), (2, 1, {'weight': 5, 'port': 1, 'link_id': 's1-s2', 'metrics': {'delay_ms': 5, 'routing_cost': 5}}), (3, 1, {'weight': 20, 'port': 1, 'link_id': 's1-s3', 'metrics': {'delay_ms': 20, 'routing_cost': 20}}), (4, 2, {'weight': 5, 'port': 1, 'link_id': 's2-s4', 'metrics': {'delay_ms': 5, 'routing_cost': 5}}), (4, 3, {'weight': 20, 'port': 2, 'link_id': 's3-s4', 'metrics': {'delay_ms': 20, 'routing_cost': 20}})]
Grafo actual: [(1, 2, {'weight': 5, 'port': 2, 'link_id': 's1-s2', 'metrics': {'delay_ms': 5, 'routing_cost': 5}}), (2, 1, {'weight': 5, 'port': 1, 'link_id': 's1-s2', 'metrics': {'delay_ms': 5, 'routing_cost': 5}}), (2, 4, {'weight': 5, 'port': 2, 'link_id': 's2-s4', 'metrics': {'delay_ms': 5, 'routing_cost': 5}}), (3, 1, {'weight': 20, 'port': 1, 'link_id': 's1-s3', 'metrics': {'delay_ms': 20, 'routing_cost': 20}}), (4, 2, {'weight': 5, 'port': 1, 'link_id': 's2-s4', 'metrics': {'delay_ms': 5, 'routing_cost': 5}}), (4, 3, {'weight': 20, 'port': 2, 'link_id': 's3-s4', 'metrics': {'delay_ms': 20, 'routing_cost': 20}})]
Grafo actual: [(1, 2, {'weight': 5, 'port': 2, 'link_id': 's1-s2', 'metrics': {'delay_ms': 5, 'routing_cost': 5}}), (1, 3, {'weight': 20, 'port': 3, 'link_id': 's1-s3', 'metrics': {'delay_ms': 20, 'routing_cost': 20}}), (2, 1, {'weight': 5, 'port': 1, 'link_id': 's1-s2', 'metrics': {'delay_ms': 5, 'routing_cost': 5}}), (2, 4, {'weight': 5, 'port': 2, 'link_id': 's2-s4', 'metrics': {'delay_ms': 5, 'routing_cost': 5}}), (3, 1, {'weight': 20, 'port': 1, 'link_id': 's1-s3', 'metrics': {'delay_ms': 20, 'routing_cost': 20}}), (4, 2, {'weight': 5, 'port': 1, 'link_id': 's2-s4', 'metrics': {'delay_ms': 5, 'routing_cost': 5}}), (4, 3, {'weight': 20, 'port': 2, 'link_id': 's3-s4', 'metrics': {'delay_ms': 20, 'routing_cost': 20}})]
Grafo actual: [(1, 2, {'weight': 5, 'port': 2, 'link_id': 's1-s2', 'metrics': {'delay_ms': 5, 'routing_cost': 5}}), (1, 3, {'weight': 20, 'port': 3, 'link_id': 's1-s3', 'metrics': {'delay_ms': 20, 'routing_cost': 20}}), (2, 1, {'weight': 5, 'port': 1, 'link_id': 's1-s2', 'metrics': {'delay_ms': 5, 'routing_cost': 5}}), (2, 4, {'weight': 5, 'port': 2, 'link_id': 's2-s4', 'metrics': {'delay_ms': 5, 'routing_cost': 5}}), (3, 1, {'weight': 20, 'port': 1, 'link_id': 's1-s3', 'metrics': {'delay_ms': 20, 'routing_cost': 20}}), (3, 4, {'weight': 20, 'port': 2, 'link_id': 's3-s4', 'metrics': {'delay_ms': 20, 'routing_cost': 20}}), (4, 2, {'weight': 5, 'port': 1, 'link_id': 's2-s4', 'metrics': {'delay_ms': 5, 'routing_cost': 5}}), (4, 3, {'weight': 20, 'port': 2, 'link_id': 's3-s4', 'metrics': {'delay_ms': 20, 'routing_cost': 20}})]
HOST: 00:00:00:00:00:01 conectado a s1 puerto 1
HOST: 00:00:00:00:00:02 conectado a s4 puerto 3
DIJKSTRA: NUEVA DECISION | mac=00:00:00:00:00:01 -> 00:00:00:00:00:02 | ip=10.0.0.1 -> 10.0.0.2 | eth_type=2048 | proto=1 | sport=None | dport=None | s1 -> s4 | path=[1, 2, 4] | cost=10
DIJKSTRA: NUEVA DECISION | mac=00:00:00:00:00:02 -> 00:00:00:00:00:01 | ip=10.0.0.2 -> 10.0.0.1 | eth_type=2048 | proto=1 | sport=None | dport=None | s4 -> s1 | path=[4, 2, 1] | cost=10
