loading app controller.routing_controller
loading app ryu.controller.ofp_handler
loading app ryu.topology.switches
loading app ryu.controller.ofp_handler
instantiating app controller.routing_controller of RoutingController
instantiating app ryu.controller.ofp_handler of OFPHandler
instantiating app ryu.topology.switches of Switches
Grafo actual: [(1, 3, {'weight': 20, 'port': 3})]
Grafo actual: [(1, 3, {'weight': 20, 'port': 3}), (4, 3, {'weight': 20, 'port': 2}), (4, 2, {'weight': 5, 'port': 1}), (2, 4, {'weight': 5, 'port': 2}), (2, 1, {'weight': 5, 'port': 1}), (3, 4, {'weight': 20, 'port': 2}), (3, 1, {'weight': 20, 'port': 1})]
Grafo actual: [(1, 3, {'weight': 20, 'port': 3}), (1, 2, {'weight': 5, 'port': 2}), (4, 3, {'weight': 20, 'port': 2}), (4, 2, {'weight': 5, 'port': 1}), (2, 4, {'weight': 5, 'port': 2}), (2, 1, {'weight': 5, 'port': 1}), (3, 4, {'weight': 20, 'port': 2}), (3, 1, {'weight': 20, 'port': 1})]
Grafo actual: [(1, 3, {'weight': 20, 'port': 3}), (1, 2, {'weight': 5, 'port': 2}), (4, 3, {'weight': 20, 'port': 2}), (4, 2, {'weight': 5, 'port': 1}), (2, 4, {'weight': 5, 'port': 2}), (2, 1, {'weight': 5, 'port': 1}), (3, 4, {'weight': 20, 'port': 2}), (3, 1, {'weight': 20, 'port': 1})]
Grafo actual: [(1, 3, {'weight': 20, 'port': 3}), (1, 2, {'weight': 5, 'port': 2}), (4, 3, {'weight': 20, 'port': 2}), (4, 2, {'weight': 5, 'port': 1}), (2, 4, {'weight': 5, 'port': 2}), (2, 1, {'weight': 5, 'port': 1}), (3, 4, {'weight': 20, 'port': 2}), (3, 1, {'weight': 20, 'port': 1})]
Grafo actual: [(1, 3, {'weight': 20, 'port': 3}), (1, 2, {'weight': 5, 'port': 2}), (4, 3, {'weight': 20, 'port': 2}), (4, 2, {'weight': 5, 'port': 1}), (2, 4, {'weight': 5, 'port': 2}), (2, 1, {'weight': 5, 'port': 1}), (3, 4, {'weight': 20, 'port': 2}), (3, 1, {'weight': 20, 'port': 1})]
Grafo actual: [(1, 3, {'weight': 20, 'port': 3}), (1, 2, {'weight': 5, 'port': 2}), (4, 3, {'weight': 20, 'port': 2}), (4, 2, {'weight': 5, 'port': 1}), (2, 4, {'weight': 5, 'port': 2}), (2, 1, {'weight': 5, 'port': 1}), (3, 4, {'weight': 20, 'port': 2}), (3, 1, {'weight': 20, 'port': 1})]
Grafo actual: [(1, 3, {'weight': 20, 'port': 3}), (1, 2, {'weight': 5, 'port': 2}), (4, 3, {'weight': 20, 'port': 2}), (4, 2, {'weight': 5, 'port': 1}), (2, 4, {'weight': 5, 'port': 2}), (2, 1, {'weight': 5, 'port': 1}), (3, 4, {'weight': 20, 'port': 2}), (3, 1, {'weight': 20, 'port': 1})]
Grafo actual: [(1, 3, {'weight': 20, 'port': 3}), (1, 2, {'weight': 5, 'port': 2}), (4, 3, {'weight': 20, 'port': 2}), (4, 2, {'weight': 5, 'port': 1}), (2, 4, {'weight': 5, 'port': 2}), (2, 1, {'weight': 5, 'port': 1}), (3, 4, {'weight': 20, 'port': 2}), (3, 1, {'weight': 20, 'port': 1})]
Grafo actual: [(1, 3, {'weight': 20, 'port': 3}), (1, 2, {'weight': 5, 'port': 2}), (4, 3, {'weight': 20, 'port': 2}), (4, 2, {'weight': 5, 'port': 1}), (2, 4, {'weight': 5, 'port': 2}), (2, 1, {'weight': 5, 'port': 1}), (3, 4, {'weight': 20, 'port': 2}), (3, 1, {'weight': 20, 'port': 1})]
Grafo actual: [(1, 3, {'weight': 20, 'port': 3}), (1, 2, {'weight': 5, 'port': 2}), (4, 3, {'weight': 20, 'port': 2}), (4, 2, {'weight': 5, 'port': 1}), (2, 4, {'weight': 5, 'port': 2}), (2, 1, {'weight': 5, 'port': 1}), (3, 4, {'weight': 20, 'port': 2}), (3, 1, {'weight': 20, 'port': 1})]
Grafo actual: [(1, 3, {'weight': 20, 'port': 3}), (1, 2, {'weight': 5, 'port': 2}), (4, 3, {'weight': 20, 'port': 2}), (4, 2, {'weight': 5, 'port': 1}), (2, 4, {'weight': 5, 'port': 2}), (2, 1, {'weight': 5, 'port': 1}), (3, 4, {'weight': 20, 'port': 2}), (3, 1, {'weight': 20, 'port': 1})]
HOST: 00:00:00:00:00:01 conectado a s1 puerto 1
HOST: 00:00:00:00:00:02 conectado a s4 puerto 3
DIJKSTRA: s4 -> s1 | path=[4, 2, 1] | cost=10
DIJKSTRA: s1 -> s4 | path=[1, 2, 4] | cost=10
