loading app controller.routing_controller
Traceback (most recent call last):
  File "/usr/local/bin/ryu-manager", line 8, in <module>
    sys.exit(main())
  File "/usr/local/lib/python3.8/site-packages/ryu/cmd/manager.py", line 98, in main
    app_mgr.load_apps(app_lists)
  File "/usr/local/lib/python3.8/site-packages/ryu/base/app_manager.py", line 415, in load_apps
    cls = self.load_app(app_cls_name)
  File "/usr/local/lib/python3.8/site-packages/ryu/base/app_manager.py", line 392, in load_app
    mod = utils.import_module(name)
  File "/usr/local/lib/python3.8/site-packages/ryu/utils.py", line 108, in import_module
    return importlib.import_module(modname)
  File "/usr/local/lib/python3.8/importlib/__init__.py", line 127, in import_module
    return _bootstrap._gcd_import(name[level:], package, level)
  File "<frozen importlib._bootstrap>", line 1014, in _gcd_import
  File "<frozen importlib._bootstrap>", line 991, in _find_and_load
  File "<frozen importlib._bootstrap>", line 975, in _find_and_load_unlocked
  File "<frozen importlib._bootstrap>", line 671, in _load_unlocked
  File "<frozen importlib._bootstrap_external>", line 843, in exec_module
  File "<frozen importlib._bootstrap>", line 219, in _call_with_frames_removed
  File "/workspace/controller/routing_controller.py", line 20, in <module>
    from common.component_loader import create_instance
  File "/workspace/common/component_loader.py", line 4, in <module>
    from topologies.topology_builder import ConfigurableTopology
  File "/workspace/topologies/topology_builder.py", line 1, in <module>
    from mininet.topo import Topo
ModuleNotFoundError: No module named 'mininet'
