loading app controller.routing_controller
loading app ryu.topology.switches
loading app ryu.controller.ofp_handler
instantiating app controller.routing_controller of RoutingController
Configuracion del experimento: /workspace/results/exp002/run-003/resolved_config.yaml
Algoritmo de ruteo: dijkstra
Metrica de ruteo: routing_cost
Politica de decision: sticky
instantiating app ryu.topology.switches of Switches
instantiating app ryu.controller.ofp_handler of OFPHandler
Grafo actual: []
Grafo actual: []
Grafo actual: [(2, 1, {'weight': 50, 'port': 1, 'link_id': 's1-s2', 'metrics': {'delay_ms': 5, 'routing_cost': 50}})]
Grafo actual: [(1, 2, {'weight': 50, 'port': 2, 'link_id': 's1-s2', 'metrics': {'delay_ms': 5, 'routing_cost': 50}}), (2, 1, {'weight': 50, 'port': 1, 'link_id': 's1-s2', 'metrics': {'delay_ms': 5, 'routing_cost': 50}})]
Grafo actual: [(1, 2, {'weight': 50, 'port': 2, 'link_id': 's1-s2', 'metrics': {'delay_ms': 5, 'routing_cost': 50}}), (2, 1, {'weight': 50, 'port': 1, 'link_id': 's1-s2', 'metrics': {'delay_ms': 5, 'routing_cost': 50}})]
Grafo actual: [(1, 2, {'weight': 50, 'port': 2, 'link_id': 's1-s2', 'metrics': {'delay_ms': 5, 'routing_cost': 50}}), (2, 1, {'weight': 50, 'port': 1, 'link_id': 's1-s2', 'metrics': {'delay_ms': 5, 'routing_cost': 50}}), (3, 1, {'weight': 10, 'port': 1, 'link_id': 's1-s3', 'metrics': {'delay_ms': 20, 'routing_cost': 10}})]
Grafo actual: [(1, 2, {'weight': 50, 'port': 2, 'link_id': 's1-s2', 'metrics': {'delay_ms': 5, 'routing_cost': 50}}), (1, 3, {'weight': 10, 'port': 3, 'link_id': 's1-s3', 'metrics': {'delay_ms': 20, 'routing_cost': 10}}), (2, 1, {'weight': 50, 'port': 1, 'link_id': 's1-s2', 'metrics': {'delay_ms': 5, 'routing_cost': 50}}), (3, 1, {'weight': 10, 'port': 1, 'link_id': 's1-s3', 'metrics': {'delay_ms': 20, 'routing_cost': 10}})]
Grafo actual: [(1, 2, {'weight': 50, 'port': 2, 'link_id': 's1-s2', 'metrics': {'delay_ms': 5, 'routing_cost': 50}}), (1, 3, {'weight': 10, 'port': 3, 'link_id': 's1-s3', 'metrics': {'delay_ms': 20, 'routing_cost': 10}}), (2, 1, {'weight': 50, 'port': 1, 'link_id': 's1-s2', 'metrics': {'delay_ms': 5, 'routing_cost': 50}}), (3, 1, {'weight': 10, 'port': 1, 'link_id': 's1-s3', 'metrics': {'delay_ms': 20, 'routing_cost': 10}})]
Grafo actual: [(1, 2, {'weight': 50, 'port': 2, 'link_id': 's1-s2', 'metrics': {'delay_ms': 5, 'routing_cost': 50}}), (1, 3, {'weight': 10, 'port': 3, 'link_id': 's1-s3', 'metrics': {'delay_ms': 20, 'routing_cost': 10}}), (2, 1, {'weight': 50, 'port': 1, 'link_id': 's1-s2', 'metrics': {'delay_ms': 5, 'routing_cost': 50}}), (3, 1, {'weight': 10, 'port': 1, 'link_id': 's1-s3', 'metrics': {'delay_ms': 20, 'routing_cost': 10}}), (4, 3, {'weight': 10, 'port': 2, 'link_id': 's3-s4', 'metrics': {'delay_ms': 20, 'routing_cost': 10}})]
Grafo actual: [(1, 2, {'weight': 50, 'port': 2, 'link_id': 's1-s2', 'metrics': {'delay_ms': 5, 'routing_cost': 50}}), (1, 3, {'weight': 10, 'port': 3, 'link_id': 's1-s3', 'metrics': {'delay_ms': 20, 'routing_cost': 10}}), (2, 1, {'weight': 50, 'port': 1, 'link_id': 's1-s2', 'metrics': {'delay_ms': 5, 'routing_cost': 50}}), (3, 1, {'weight': 10, 'port': 1, 'link_id': 's1-s3', 'metrics': {'delay_ms': 20, 'routing_cost': 10}}), (4, 3, {'weight': 10, 'port': 2, 'link_id': 's3-s4', 'metrics': {'delay_ms': 20, 'routing_cost': 10}}), (4, 2, {'weight': 50, 'port': 1, 'link_id': 's2-s4', 'metrics': {'delay_ms': 5, 'routing_cost': 50}})]
Grafo actual: [(1, 2, {'weight': 50, 'port': 2, 'link_id': 's1-s2', 'metrics': {'delay_ms': 5, 'routing_cost': 50}}), (1, 3, {'weight': 10, 'port': 3, 'link_id': 's1-s3', 'metrics': {'delay_ms': 20, 'routing_cost': 10}}), (2, 1, {'weight': 50, 'port': 1, 'link_id': 's1-s2', 'metrics': {'delay_ms': 5, 'routing_cost': 50}}), (2, 4, {'weight': 50, 'port': 2, 'link_id': 's2-s4', 'metrics': {'delay_ms': 5, 'routing_cost': 50}}), (3, 1, {'weight': 10, 'port': 1, 'link_id': 's1-s3', 'metrics': {'delay_ms': 20, 'routing_cost': 10}}), (4, 3, {'weight': 10, 'port': 2, 'link_id': 's3-s4', 'metrics': {'delay_ms': 20, 'routing_cost': 10}}), (4, 2, {'weight': 50, 'port': 1, 'link_id': 's2-s4', 'metrics': {'delay_ms': 5, 'routing_cost': 50}})]
Grafo actual: [(1, 2, {'weight': 50, 'port': 2, 'link_id': 's1-s2', 'metrics': {'delay_ms': 5, 'routing_cost': 50}}), (1, 3, {'weight': 10, 'port': 3, 'link_id': 's1-s3', 'metrics': {'delay_ms': 20, 'routing_cost': 10}}), (2, 1, {'weight': 50, 'port': 1, 'link_id': 's1-s2', 'metrics': {'delay_ms': 5, 'routing_cost': 50}}), (2, 4, {'weight': 50, 'port': 2, 'link_id': 's2-s4', 'metrics': {'delay_ms': 5, 'routing_cost': 50}}), (3, 1, {'weight': 10, 'port': 1, 'link_id': 's1-s3', 'metrics': {'delay_ms': 20, 'routing_cost': 10}}), (3, 4, {'weight': 10, 'port': 2, 'link_id': 's3-s4', 'metrics': {'delay_ms': 20, 'routing_cost': 10}}), (4, 3, {'weight': 10, 'port': 2, 'link_id': 's3-s4', 'metrics': {'delay_ms': 20, 'routing_cost': 10}}), (4, 2, {'weight': 50, 'port': 1, 'link_id': 's2-s4', 'metrics': {'delay_ms': 5, 'routing_cost': 50}})]
HOST: 00:00:00:00:00:02 conectado a s4 puerto 3
HOST: 00:00:00:00:00:01 conectado a s1 puerto 1
DIJKSTRA: NUEVA DECISION | mac=00:00:00:00:00:01 -> 00:00:00:00:00:02 | ip=10.0.0.1 -> 10.0.0.2 | eth_type=2048 | proto=1 | sport=None | dport=None | s1 -> s4 | path=[1, 3, 4] | cost=20
DIJKSTRA: NUEVA DECISION | mac=00:00:00:00:00:02 -> 00:00:00:00:00:01 | ip=10.0.0.2 -> 10.0.0.1 | eth_type=2048 | proto=1 | sport=None | dport=None | s4 -> s1 | path=[4, 3, 1] | cost=20
