loading app controller.routing_controller
loading app ryu.controller.ofp_handler
loading app ryu.topology.switches
loading app ryu.controller.ofp_handler
instantiating app controller.routing_controller of RoutingController
Configuracion del experimento: /workspace/results/exp001/run-034/resolved_config.yaml
Algoritmo de ruteo: dijkstra
Metrica de ruteo: routing_cost
instantiating app ryu.controller.ofp_handler of OFPHandler
instantiating app ryu.topology.switches of Switches
Grafo actual: []
HOST: 4e:f6:a8:8d:4a:2d conectado a s1 puerto 3
Grafo actual: []
Grafo actual: [(2, 1, {'weight': 5, 'port': 1, 'link_id': 's1-s2'})]
Grafo actual: [(1, 2, {'weight': 5, 'port': 2, 'link_id': 's1-s2'}), (2, 1, {'weight': 5, 'port': 1, 'link_id': 's1-s2'})]
Grafo actual: [(1, 2, {'weight': 5, 'port': 2, 'link_id': 's1-s2'}), (2, 1, {'weight': 5, 'port': 1, 'link_id': 's1-s2'})]
Grafo actual: [(1, 2, {'weight': 5, 'port': 2, 'link_id': 's1-s2'}), (2, 1, {'weight': 5, 'port': 1, 'link_id': 's1-s2'}), (3, 1, {'weight': 20, 'port': 1, 'link_id': 's1-s3'})]
Grafo actual: [(1, 2, {'weight': 5, 'port': 2, 'link_id': 's1-s2'}), (2, 1, {'weight': 5, 'port': 1, 'link_id': 's1-s2'}), (3, 1, {'weight': 20, 'port': 1, 'link_id': 's1-s3'})]
Grafo actual: [(1, 2, {'weight': 5, 'port': 2, 'link_id': 's1-s2'}), (2, 1, {'weight': 5, 'port': 1, 'link_id': 's1-s2'}), (3, 1, {'weight': 20, 'port': 1, 'link_id': 's1-s3'}), (4, 3, {'weight': 20, 'port': 2, 'link_id': 's3-s4'}), (4, 2, {'weight': 5, 'port': 1, 'link_id': 's2-s4'})]
Grafo actual: [(1, 2, {'weight': 5, 'port': 2, 'link_id': 's1-s2'}), (2, 1, {'weight': 5, 'port': 1, 'link_id': 's1-s2'}), (3, 1, {'weight': 20, 'port': 1, 'link_id': 's1-s3'}), (4, 3, {'weight': 20, 'port': 2, 'link_id': 's3-s4'}), (4, 2, {'weight': 5, 'port': 1, 'link_id': 's2-s4'})]
Grafo actual: [(1, 2, {'weight': 5, 'port': 2, 'link_id': 's1-s2'}), (1, 3, {'weight': 20, 'port': 3, 'link_id': 's1-s3'}), (2, 1, {'weight': 5, 'port': 1, 'link_id': 's1-s2'}), (2, 4, {'weight': 5, 'port': 2, 'link_id': 's2-s4'}), (3, 1, {'weight': 20, 'port': 1, 'link_id': 's1-s3'}), (4, 3, {'weight': 20, 'port': 2, 'link_id': 's3-s4'}), (4, 2, {'weight': 5, 'port': 1, 'link_id': 's2-s4'})]
Grafo actual: [(1, 2, {'weight': 5, 'port': 2, 'link_id': 's1-s2'}), (1, 3, {'weight': 20, 'port': 3, 'link_id': 's1-s3'}), (2, 1, {'weight': 5, 'port': 1, 'link_id': 's1-s2'}), (2, 4, {'weight': 5, 'port': 2, 'link_id': 's2-s4'}), (3, 1, {'weight': 20, 'port': 1, 'link_id': 's1-s3'}), (4, 3, {'weight': 20, 'port': 2, 'link_id': 's3-s4'}), (4, 2, {'weight': 5, 'port': 1, 'link_id': 's2-s4'})]
HOST: f2:51:5a:d4:9c:5f conectado a s3 puerto 2
Grafo actual: [(1, 2, {'weight': 5, 'port': 2, 'link_id': 's1-s2'}), (1, 3, {'weight': 20, 'port': 3, 'link_id': 's1-s3'}), (2, 1, {'weight': 5, 'port': 1, 'link_id': 's1-s2'}), (2, 4, {'weight': 5, 'port': 2, 'link_id': 's2-s4'}), (3, 1, {'weight': 20, 'port': 1, 'link_id': 's1-s3'}), (3, 4, {'weight': 20, 'port': 2, 'link_id': 's3-s4'}), (4, 3, {'weight': 20, 'port': 2, 'link_id': 's3-s4'}), (4, 2, {'weight': 5, 'port': 1, 'link_id': 's2-s4'})]
HOST: 00:00:00:00:00:01 conectado a s1 puerto 1
HOST: 00:00:00:00:00:02 conectado a s4 puerto 3
DIJKSTRA: s4 -> s1 | path=[4, 2, 1] | cost=10
DIJKSTRA: s1 -> s4 | path=[1, 2, 4] | cost=10
