loading app controller.routing_controller
loading app ryu.topology.switches
loading app ryu.controller.ofp_handler
instantiating app controller.routing_controller of RoutingController
Configuracion del experimento: /workspace/results/exp003/run-003/resolved_config.yaml
Algoritmo de ruteo: dijkstra
Metrica de ruteo: routing_cost
instantiating app ryu.topology.switches of Switches
instantiating app ryu.controller.ofp_handler of OFPHandler
Grafo actual: []
HOST: 72:4a:02:4f:23:71 conectado a s1 puerto 4
Grafo actual: []
Grafo actual: [(2, 1, {'weight': 10, 'port': 1, 'link_id': 's1-s2', 'metrics': {'delay_ms': 5, 'routing_cost': 10}})]
Grafo actual: [(1, 2, {'weight': 10, 'port': 3, 'link_id': 's1-s2', 'metrics': {'delay_ms': 5, 'routing_cost': 10}}), (2, 1, {'weight': 10, 'port': 1, 'link_id': 's1-s2', 'metrics': {'delay_ms': 5, 'routing_cost': 10}})]
Grafo actual: [(1, 2, {'weight': 10, 'port': 3, 'link_id': 's1-s2', 'metrics': {'delay_ms': 5, 'routing_cost': 10}}), (2, 1, {'weight': 10, 'port': 1, 'link_id': 's1-s2', 'metrics': {'delay_ms': 5, 'routing_cost': 10}})]
Grafo actual: [(1, 2, {'weight': 10, 'port': 3, 'link_id': 's1-s2', 'metrics': {'delay_ms': 5, 'routing_cost': 10}}), (2, 1, {'weight': 10, 'port': 1, 'link_id': 's1-s2', 'metrics': {'delay_ms': 5, 'routing_cost': 10}}), (3, 1, {'weight': 10, 'port': 1, 'link_id': 's1-s3', 'metrics': {'delay_ms': 5, 'routing_cost': 10}})]
Grafo actual: [(1, 2, {'weight': 10, 'port': 3, 'link_id': 's1-s2', 'metrics': {'delay_ms': 5, 'routing_cost': 10}}), (1, 3, {'weight': 10, 'port': 4, 'link_id': 's1-s3', 'metrics': {'delay_ms': 5, 'routing_cost': 10}}), (2, 1, {'weight': 10, 'port': 1, 'link_id': 's1-s2', 'metrics': {'delay_ms': 5, 'routing_cost': 10}}), (3, 1, {'weight': 10, 'port': 1, 'link_id': 's1-s3', 'metrics': {'delay_ms': 5, 'routing_cost': 10}})]
Grafo actual: [(1, 2, {'weight': 10, 'port': 3, 'link_id': 's1-s2', 'metrics': {'delay_ms': 5, 'routing_cost': 10}}), (1, 3, {'weight': 10, 'port': 4, 'link_id': 's1-s3', 'metrics': {'delay_ms': 5, 'routing_cost': 10}}), (2, 1, {'weight': 10, 'port': 1, 'link_id': 's1-s2', 'metrics': {'delay_ms': 5, 'routing_cost': 10}}), (3, 1, {'weight': 10, 'port': 1, 'link_id': 's1-s3', 'metrics': {'delay_ms': 5, 'routing_cost': 10}})]
Grafo actual: [(1, 2, {'weight': 10, 'port': 3, 'link_id': 's1-s2', 'metrics': {'delay_ms': 5, 'routing_cost': 10}}), (1, 3, {'weight': 10, 'port': 4, 'link_id': 's1-s3', 'metrics': {'delay_ms': 5, 'routing_cost': 10}}), (2, 1, {'weight': 10, 'port': 1, 'link_id': 's1-s2', 'metrics': {'delay_ms': 5, 'routing_cost': 10}}), (3, 1, {'weight': 10, 'port': 1, 'link_id': 's1-s3', 'metrics': {'delay_ms': 5, 'routing_cost': 10}}), (4, 3, {'weight': 10, 'port': 2, 'link_id': 's3-s4', 'metrics': {'delay_ms': 5, 'routing_cost': 10}})]
Grafo actual: [(1, 2, {'weight': 10, 'port': 3, 'link_id': 's1-s2', 'metrics': {'delay_ms': 5, 'routing_cost': 10}}), (1, 3, {'weight': 10, 'port': 4, 'link_id': 's1-s3', 'metrics': {'delay_ms': 5, 'routing_cost': 10}}), (2, 1, {'weight': 10, 'port': 1, 'link_id': 's1-s2', 'metrics': {'delay_ms': 5, 'routing_cost': 10}}), (3, 1, {'weight': 10, 'port': 1, 'link_id': 's1-s3', 'metrics': {'delay_ms': 5, 'routing_cost': 10}}), (4, 3, {'weight': 10, 'port': 2, 'link_id': 's3-s4', 'metrics': {'delay_ms': 5, 'routing_cost': 10}}), (4, 2, {'weight': 10, 'port': 1, 'link_id': 's2-s4', 'metrics': {'delay_ms': 5, 'routing_cost': 10}})]
Grafo actual: [(1, 2, {'weight': 10, 'port': 3, 'link_id': 's1-s2', 'metrics': {'delay_ms': 5, 'routing_cost': 10}}), (1, 3, {'weight': 10, 'port': 4, 'link_id': 's1-s3', 'metrics': {'delay_ms': 5, 'routing_cost': 10}}), (2, 1, {'weight': 10, 'port': 1, 'link_id': 's1-s2', 'metrics': {'delay_ms': 5, 'routing_cost': 10}}), (3, 1, {'weight': 10, 'port': 1, 'link_id': 's1-s3', 'metrics': {'delay_ms': 5, 'routing_cost': 10}}), (3, 4, {'weight': 10, 'port': 2, 'link_id': 's3-s4', 'metrics': {'delay_ms': 5, 'routing_cost': 10}}), (4, 3, {'weight': 10, 'port': 2, 'link_id': 's3-s4', 'metrics': {'delay_ms': 5, 'routing_cost': 10}}), (4, 2, {'weight': 10, 'port': 1, 'link_id': 's2-s4', 'metrics': {'delay_ms': 5, 'routing_cost': 10}})]
Grafo actual: [(1, 2, {'weight': 10, 'port': 3, 'link_id': 's1-s2', 'metrics': {'delay_ms': 5, 'routing_cost': 10}}), (1, 3, {'weight': 10, 'port': 4, 'link_id': 's1-s3', 'metrics': {'delay_ms': 5, 'routing_cost': 10}}), (2, 1, {'weight': 10, 'port': 1, 'link_id': 's1-s2', 'metrics': {'delay_ms': 5, 'routing_cost': 10}}), (2, 4, {'weight': 10, 'port': 2, 'link_id': 's2-s4', 'metrics': {'delay_ms': 5, 'routing_cost': 10}}), (3, 1, {'weight': 10, 'port': 1, 'link_id': 's1-s3', 'metrics': {'delay_ms': 5, 'routing_cost': 10}}), (3, 4, {'weight': 10, 'port': 2, 'link_id': 's3-s4', 'metrics': {'delay_ms': 5, 'routing_cost': 10}}), (4, 3, {'weight': 10, 'port': 2, 'link_id': 's3-s4', 'metrics': {'delay_ms': 5, 'routing_cost': 10}}), (4, 2, {'weight': 10, 'port': 1, 'link_id': 's2-s4', 'metrics': {'delay_ms': 5, 'routing_cost': 10}})]
HOST: 00:00:00:00:00:02 conectado a s1 puerto 2
HOST: 00:00:00:00:00:01 conectado a s1 puerto 1
HOST: 00:00:00:00:00:04 conectado a s4 puerto 4
HOST: 00:00:00:00:00:03 conectado a s4 puerto 3
DIJKSTRA: NUEVA DECISION | s4 -> s1 | path=[4, 2, 1] | cost=20
RoutingController: Exception occurred during handler processing. Backtrace from offending handler [packet_in_handler] servicing event [EventOFPPacketIn] follows.
Traceback (most recent call last):
  File "/usr/local/lib/python3.8/site-packages/ryu/base/app_manager.py", line 290, in _event_loop
    handler(ev)
  File "/workspace/controller/routing_controller.py", line 279, in packet_in_handler
    self.flows.install_path(path, flow, self.topology, self.hosts)
UnboundLocalError: local variable 'path' referenced before assignment
DIJKSTRA: NUEVA DECISION | s1 -> s4 | path=[1, 3, 4] | cost=20
DIJKSTRA: NUEVA DECISION | s4 -> s1 | path=[4, 2, 1] | cost=20
DIJKSTRA: NUEVA DECISION | s4 -> s1 | path=[4, 2, 1] | cost=20
RoutingController: Exception occurred during handler processing. Backtrace from offending handler [packet_in_handler] servicing event [EventOFPPacketIn] follows.
Traceback (most recent call last):
  File "/usr/local/lib/python3.8/site-packages/ryu/base/app_manager.py", line 290, in _event_loop
    handler(ev)
  File "/workspace/controller/routing_controller.py", line 279, in packet_in_handler
    self.flows.install_path(path, flow, self.topology, self.hosts)
UnboundLocalError: local variable 'path' referenced before assignment
DIJKSTRA: NUEVA DECISION | s1 -> s4 | path=[1, 3, 4] | cost=20
RoutingController: Exception occurred during handler processing. Backtrace from offending handler [packet_in_handler] servicing event [EventOFPPacketIn] follows.
Traceback (most recent call last):
  File "/usr/local/lib/python3.8/site-packages/ryu/base/app_manager.py", line 290, in _event_loop
    handler(ev)
  File "/workspace/controller/routing_controller.py", line 279, in packet_in_handler
    self.flows.install_path(path, flow, self.topology, self.hosts)
UnboundLocalError: local variable 'path' referenced before assignment
DIJKSTRA: NUEVA DECISION | s4 -> s1 | path=[4, 2, 1] | cost=20
DIJKSTRA: NUEVA DECISION | s4 -> s1 | path=[4, 2, 1] | cost=20
RoutingController: Exception occurred during handler processing. Backtrace from offending handler [packet_in_handler] servicing event [EventOFPPacketIn] follows.
Traceback (most recent call last):
  File "/usr/local/lib/python3.8/site-packages/ryu/base/app_manager.py", line 290, in _event_loop
    handler(ev)
  File "/workspace/controller/routing_controller.py", line 279, in packet_in_handler
    self.flows.install_path(path, flow, self.topology, self.hosts)
UnboundLocalError: local variable 'path' referenced before assignment
DIJKSTRA: NUEVA DECISION | s1 -> s4 | path=[1, 3, 4] | cost=20
RoutingController: Exception occurred during handler processing. Backtrace from offending handler [packet_in_handler] servicing event [EventOFPPacketIn] follows.
Traceback (most recent call last):
  File "/usr/local/lib/python3.8/site-packages/ryu/base/app_manager.py", line 290, in _event_loop
    handler(ev)
  File "/workspace/controller/routing_controller.py", line 279, in packet_in_handler
    self.flows.install_path(path, flow, self.topology, self.hosts)
UnboundLocalError: local variable 'path' referenced before assignment
DIJKSTRA: NUEVA DECISION | s4 -> s1 | path=[4, 2, 1] | cost=20
RoutingController: Exception occurred during handler processing. Backtrace from offending handler [packet_in_handler] servicing event [EventOFPPacketIn] follows.
Traceback (most recent call last):
  File "/usr/local/lib/python3.8/site-packages/ryu/base/app_manager.py", line 290, in _event_loop
    handler(ev)
  File "/workspace/controller/routing_controller.py", line 279, in packet_in_handler
    self.flows.install_path(path, flow, self.topology, self.hosts)
UnboundLocalError: local variable 'path' referenced before assignment
DIJKSTRA: NUEVA DECISION | s1 -> s4 | path=[1, 3, 4] | cost=20
DIJKSTRA: NUEVA DECISION | s1 -> s4 | path=[1, 3, 4] | cost=20
DIJKSTRA: NUEVA DECISION | s4 -> s1 | path=[4, 2, 1] | cost=20
RoutingController: Exception occurred during handler processing. Backtrace from offending handler [packet_in_handler] servicing event [EventOFPPacketIn] follows.
Traceback (most recent call last):
  File "/usr/local/lib/python3.8/site-packages/ryu/base/app_manager.py", line 290, in _event_loop
    handler(ev)
  File "/workspace/controller/routing_controller.py", line 279, in packet_in_handler
    self.flows.install_path(path, flow, self.topology, self.hosts)
UnboundLocalError: local variable 'path' referenced before assignment
DIJKSTRA: NUEVA DECISION | s1 -> s4 | path=[1, 3, 4] | cost=20
RoutingController: Exception occurred during handler processing. Backtrace from offending handler [packet_in_handler] servicing event [EventOFPPacketIn] follows.
Traceback (most recent call last):
  File "/usr/local/lib/python3.8/site-packages/ryu/base/app_manager.py", line 290, in _event_loop
    handler(ev)
  File "/workspace/controller/routing_controller.py", line 279, in packet_in_handler
    self.flows.install_path(path, flow, self.topology, self.hosts)
UnboundLocalError: local variable 'path' referenced before assignment
RoutingController: Exception occurred during handler processing. Backtrace from offending handler [packet_in_handler] servicing event [EventOFPPacketIn] follows.
Traceback (most recent call last):
  File "/usr/local/lib/python3.8/site-packages/ryu/base/app_manager.py", line 290, in _event_loop
    handler(ev)
  File "/workspace/controller/routing_controller.py", line 279, in packet_in_handler
    self.flows.install_path(path, flow, self.topology, self.hosts)
UnboundLocalError: local variable 'path' referenced before assignment
DIJKSTRA: NUEVA DECISION | s4 -> s1 | path=[4, 2, 1] | cost=20
RoutingController: Exception occurred during handler processing. Backtrace from offending handler [packet_in_handler] servicing event [EventOFPPacketIn] follows.
Traceback (most recent call last):
  File "/usr/local/lib/python3.8/site-packages/ryu/base/app_manager.py", line 290, in _event_loop
    handler(ev)
  File "/workspace/controller/routing_controller.py", line 279, in packet_in_handler
    self.flows.install_path(path, flow, self.topology, self.hosts)
UnboundLocalError: local variable 'path' referenced before assignment
DIJKSTRA: NUEVA DECISION | s1 -> s4 | path=[1, 3, 4] | cost=20
