loading app controller.routing_controller
loading app ryu.controller.ofp_handler
loading app ryu.topology.switches
loading app ryu.controller.ofp_handler
instantiating app controller.routing_controller of RoutingController
Traceback (most recent call last):
  File "/usr/local/bin/ryu-manager", line 8, in <module>
    sys.exit(main())
  File "/usr/local/lib/python3.8/site-packages/ryu/cmd/manager.py", line 101, in main
    services.extend(app_mgr.instantiate_apps(**contexts))
  File "/usr/local/lib/python3.8/site-packages/ryu/base/app_manager.py", line 509, in instantiate_apps
    self._instantiate(app_name, cls, *args, **kwargs)
  File "/usr/local/lib/python3.8/site-packages/ryu/base/app_manager.py", line 495, in _instantiate
    app = cls(*args, **kwargs)
  File "/workspace/controller/routing_controller.py", line 77, in __init__
    self.routing = create_instance(
  File "/workspace/common/component_loader.py", line 37, in create_instance
    component_class = load_object(
  File "/workspace/common/component_loader.py", line 9, in load_object
    module = importlib.import_module(
  File "/usr/local/lib/python3.8/importlib/__init__.py", line 127, in import_module
    return _bootstrap._gcd_import(name[level:], package, level)
  File "<frozen importlib._bootstrap>", line 1014, in _gcd_import
  File "<frozen importlib._bootstrap>", line 991, in _find_and_load
  File "<frozen importlib._bootstrap>", line 975, in _find_and_load_unlocked
  File "<frozen importlib._bootstrap>", line 671, in _load_unlocked
  File "<frozen importlib._bootstrap_external>", line 843, in exec_module
  File "<frozen importlib._bootstrap>", line 219, in _call_with_frames_removed
  File "/workspace/controller/routing/dijkstra.py", line 1, in <module>
    class DijkstraRouting(RoutingAlgorithm):
NameError: name 'RoutingAlgorithm' is not defined
