loading app controller.routing_controller
loading app ryu.controller.ofp_handler
loading app ryu.topology.switches
loading app ryu.controller.ofp_handler
instantiating app controller.routing_controller of RoutingController
Configuracion del experimento: /workspace/results/exp001/run-033/resolved_config.yaml
Algoritmo de ruteo: dijkstra
Metrica de ruteo: routing_cost
instantiating app ryu.controller.ofp_handler of OFPHandler
instantiating app ryu.topology.switches of Switches
Grafo actual: []
HOST: 4e:69:9d:91:68:05 conectado a s1 puerto 3
Grafo actual: []
Grafo actual: [(2, 1, {'weight': 5, 'port': 1})]
Grafo actual: [(1, 2, {'weight': 5, 'port': 2}), (2, 1, {'weight': 5, 'port': 1})]
HOST: 56:80:06:3c:63:e8 conectado a s2 puerto 2
Grafo actual: [(1, 2, {'weight': 5, 'port': 2}), (2, 1, {'weight': 5, 'port': 1})]
Grafo actual: [(1, 2, {'weight': 5, 'port': 2}), (2, 1, {'weight': 5, 'port': 1}), (3, 1, {'weight': 20, 'port': 1})]
Grafo actual: [(1, 2, {'weight': 5, 'port': 2}), (2, 1, {'weight': 5, 'port': 1}), (3, 1, {'weight': 20, 'port': 1})]
Grafo actual: [(1, 2, {'weight': 5, 'port': 2}), (2, 1, {'weight': 5, 'port': 1}), (3, 1, {'weight': 20, 'port': 1}), (4, 3, {'weight': 20, 'port': 2}), (4, 2, {'weight': 5, 'port': 1})]
Grafo actual: [(1, 2, {'weight': 5, 'port': 2}), (2, 1, {'weight': 5, 'port': 1}), (3, 1, {'weight': 20, 'port': 1}), (4, 3, {'weight': 20, 'port': 2}), (4, 2, {'weight': 5, 'port': 1})]
Grafo actual: [(1, 2, {'weight': 5, 'port': 2}), (2, 1, {'weight': 5, 'port': 1}), (2, 4, {'weight': 5, 'port': 2}), (3, 1, {'weight': 20, 'port': 1}), (4, 3, {'weight': 20, 'port': 2}), (4, 2, {'weight': 5, 'port': 1})]
Grafo actual: [(1, 2, {'weight': 5, 'port': 2}), (1, 3, {'weight': 20, 'port': 3}), (2, 1, {'weight': 5, 'port': 1}), (2, 4, {'weight': 5, 'port': 2}), (3, 1, {'weight': 20, 'port': 1}), (4, 3, {'weight': 20, 'port': 2}), (4, 2, {'weight': 5, 'port': 1})]
Grafo actual: [(1, 2, {'weight': 5, 'port': 2}), (1, 3, {'weight': 20, 'port': 3}), (2, 1, {'weight': 5, 'port': 1}), (2, 4, {'weight': 5, 'port': 2}), (3, 1, {'weight': 20, 'port': 1}), (3, 4, {'weight': 20, 'port': 2}), (4, 3, {'weight': 20, 'port': 2}), (4, 2, {'weight': 5, 'port': 1})]
HOST: 00:00:00:00:00:01 conectado a s1 puerto 1
HOST: 00:00:00:00:00:02 conectado a s4 puerto 3
DIJKSTRA: s4 -> s1 | path=[4, 2, 1] | cost=10
DIJKSTRA: s1 -> s4 | path=[1, 2, 4] | cost=10
